// Jest Snapshot v1, https://goo.gl/fbAQLP

exports[`<Profile /> matches snapshot 1`] = `
<Profile
  name="Song"
  username="velopert"
>
  <div>
    <b>
      velopert
    </b>
    Â 
    <span>
      (
      Song
      )
    </span>
  </div>
</Profile>
`;
